{"event_type":"nodeMetrics","node.fileDescriptorsUsedSockets":523,"node.partitionsSeen":2,"node.running":1}