{"event_type":"testMetrics","queue.messagesReadyDeliveryClientsPerSecond":0}