{"displayName":"test-name","entityName":"queue:test-name","event_type":"RabbitmqQueueSample","queue.messagesReadyDeliveryClients":243,"queue.messagesReadyDeliveryClientsPerSecond":10.5,"ra-queue.bindings":2,"reportingEndpoint":":0"}