{"config":{"empty":"","name1":"value1","name2":"value2","name3":"value3","name4":"value4","name5.sub!more-text":"value5","name6":"value6=more","name7":"val7"}}